# Meteor packages used by this project, one per line.
# Check this file (and the other files in this directory) into your repository.
#
# 'meteor add' and 'meteor remove' will edit this file for you,
# but you can also edit it by hand.

# meteor libraries
meteor-base@1.0.4                   # Packages every Meteor app needs to have
ecmascript@0.6.1                    # Enable ECMAScript2015+ syntax in app code
es5-shim@4.6.15                     # ECMAScript 5 compatibility for older browsers.
check@1.2.4
tracker@1.1.1                       # Meteor's client-side reactive programming library
session@1.1.7

# standard libraries
jquery@1.11.10
underscore@1.0.10
fourseven:scss
twbs:bootstrap

# ui
blaze-html-templates@1.0.4
reactive-dict@1.1.8
reactive-var@1.0.11                 # Reactive variable for tracker
aldeed:template-extension
percolate:momentum
browser-policy@1.0.9
sacha:spin

# data
mongo@1.1.14                        # The database Meteor supports right now
aldeed:simple-schema
aldeed:collection2
dburles:collection-helpers
reywood:publish-composite
mdg:validated-method
mdg:validation-error

# routing
kadira:flow-router
kadira:blaze-layout
arillo:flow-router-helpers
zimme:active-route

# i18n
tap:i18n

# accounts
accounts-base@1.2.14
accounts-password@1.3.3
useraccounts:core
useraccounts:unstyled
useraccounts:flow-routing
softwarerero:accounts-t9n
alanning:roles

# mobile
crosswalk@1.7.0
mobile-experience@1.0.4             # Packages for a great mobile UX
chriswessels:hammer

# production
standard-minifier-css@1.3.2         # CSS minifier run for production mode
standard-minifier-js@1.2.1          # JS minifier run for production mode
ddp-rate-limiter@1.0.6
app-prod-security

# rest apis
simple:rest-accounts-password
simple:rest

# testing
xolvio:cleaner
dispatch:mocha-phantomjs
practicalmeteor:chai
practicalmeteor:sinon
practicalmeteor:mocha
hwillson:stub-collections
johanbrook:publication-collector
shell-server@0.2.1
dburles:factory

# security
audit-argument-checks@1.0.7

aldeed:tabular
